   1               		.file	"toggleLED.c"
   2               	__SREG__ = 0x3f
   3               	__SP_H__ = 0x3e
   4               	__SP_L__ = 0x3d
   5               	__CCP__  = 0x34
   6               	__tmp_reg__ = 0
   7               	__zero_reg__ = 1
  15               	.Ltext0:
  16               	.global	main
  18               	main:
  19               	.LFB6:
  20               	.LM1:
  21               	/* prologue: function */
  22               	/* frame size = 0 */
  23               	.LM2:
  24 0000 8FE0      		ldi r24,lo8(15)
  25 0002 84BB      		out 52-32,r24
  26               	.LBB4:
  27               	.LBB5:
  28               	.LM3:
  29 0004 83E0      		ldi r24,lo8(3)
  30 0006 85BF      		out 85-32,r24
  31               	.LM4:
  32 0008 80E4      		ldi r24,lo8(64)
  33 000a 8BBF      		out 91-32,r24
  34               	.LM5:
  35               	/* #APP */
  36               	 ;  20 "toggleLED.c" 1
  37 000c 7894      		sei
  38               	 ;  0 "" 2
  39               	/* #NOAPP */
  40               	.L2:
  41 000e 00C0      		rjmp .L2
  42               	.LBE5:
  43               	.LBE4:
  44               	.LFE6:
  46               	.global	initInterrupt
  48               	initInterrupt:
  49               	.LFB7:
  50               	.LM6:
  51               	/* prologue: function */
  52               	/* frame size = 0 */
  53               	.LM7:
  54 0010 83E0      		ldi r24,lo8(3)
  55 0012 85BF      		out 85-32,r24
  56               	.LM8:
  57 0014 80E4      		ldi r24,lo8(64)
  58 0016 8BBF      		out 91-32,r24
  59               	.LM9:
  60               	/* #APP */
  61               	 ;  20 "toggleLED.c" 1
  62 0018 7894      		sei
  63               	 ;  0 "" 2
  64               	/* epilogue start */
  65               	.LM10:
  66               	/* #NOAPP */
  67 001a 0895      		ret
  68               	.LFE7:
  70               	.global	__vector_1
  72               	__vector_1:
  73               	.LFB8:
  74               	.LM11:
  75 001c 1F92      		push __zero_reg__
  76 001e 0F92      		push r0
  77 0020 0FB6      		in r0,__SREG__
  78 0022 0F92      		push r0
  79 0024 1124      		clr __zero_reg__
  80 0026 8F93      		push r24
  81 0028 9F93      		push r25
  82               	/* prologue: Signal */
  83               	/* frame size = 0 */
  84               	.LM12:
  85 002a 85B3      		in r24,53-32
  86 002c 98E0      		ldi r25,lo8(8)
  87 002e 8927      		eor r24,r25
  88 0030 85BB      		out 53-32,r24
  89               	/* epilogue start */
  90               	.LM13:
  91 0032 9F91      		pop r25
  92 0034 8F91      		pop r24
  93 0036 0F90      		pop r0
  94 0038 0FBE      		out __SREG__,r0
  95 003a 0F90      		pop r0
  96 003c 1F90      		pop __zero_reg__
  97 003e 1895      		reti
  98               	.LFE8:
 100               	.global	state
 101               	.global	state
 102               		.section .bss
 105               	state:
 106 0000 0000      		.skip 2,0
 147               	.Letext0:
DEFINED SYMBOLS
                            *ABS*:00000000 toggleLED.c
C:\Users\Vinnie\AppData\Local\Temp/ccybpAvf.s:2      *ABS*:0000003f __SREG__
C:\Users\Vinnie\AppData\Local\Temp/ccybpAvf.s:3      *ABS*:0000003e __SP_H__
C:\Users\Vinnie\AppData\Local\Temp/ccybpAvf.s:4      *ABS*:0000003d __SP_L__
C:\Users\Vinnie\AppData\Local\Temp/ccybpAvf.s:5      *ABS*:00000034 __CCP__
C:\Users\Vinnie\AppData\Local\Temp/ccybpAvf.s:6      *ABS*:00000000 __tmp_reg__
C:\Users\Vinnie\AppData\Local\Temp/ccybpAvf.s:7      *ABS*:00000001 __zero_reg__
C:\Users\Vinnie\AppData\Local\Temp/ccybpAvf.s:18     .text:00000000 main
C:\Users\Vinnie\AppData\Local\Temp/ccybpAvf.s:48     .text:00000010 initInterrupt
C:\Users\Vinnie\AppData\Local\Temp/ccybpAvf.s:72     .text:0000001c __vector_1
C:\Users\Vinnie\AppData\Local\Temp/ccybpAvf.s:105    .bss:00000000 state

UNDEFINED SYMBOLS
__do_clear_bss
